Component: ARM Compiler 5.06 update 6 (build 750) Tool: armlink [4d35ed]

==============================================================================

Section Cross References

    principal.o(i.main) refers to clock.o(i.CLOCK_Configure) for CLOCK_Configure
    principal.o(i.main) refers to gpio.o(i.GPIO_Configure) for GPIO_Configure
    principal.o(i.main) refers to adc_fake.o(i.Init_TimingADC_ActiveADC_ff) for Init_TimingADC_ActiveADC_ff
    principal.o(i.main) refers to adc_fake.o(i.Single_Channel_ADC) for Single_Channel_ADC
    principal.o(i.main) refers to adc_fake.o(i.Init_Conversion_On_Trig_Timer_ff) for Init_Conversion_On_Trig_Timer_ff
    principal.o(i.main) refers to adc_fake.o(i.Init_ADC1_DMA1) for Init_ADC1_DMA1
    principal.o(i.main) refers to timer_systick.o(i.Systick_Period_ff) for Systick_Period_ff
    principal.o(i.main) refers to timer_systick.o(i.Systick_Prio_IT) for Systick_Prio_IT
    principal.o(i.main) refers to ffixui.o(.text) for __aeabi_f2uiz
    principal.o(i.main) refers to timer_1234.o(i.PWM_Init_ff) for PWM_Init_ff
    principal.o(i.main) refers to timer_1234.o(i.Timer_1234_Init_ff) for Timer_1234_Init_ff
    principal.o(i.main) refers to timer_1234.o(i.Active_IT_Debordement_Timer) for Active_IT_Debordement_Timer
    principal.o(i.main) refers to principal.o(.bss) for dma_buf
    principal.o(i.main) refers to principal.o(.data) for SYSTICK_PER
    principal.o(i.main) refers to principal.o(i.sys_callback) for sys_callback
    principal.o(i.main) refers to bruitverre.o(SecSon) for LongueurSon
    principal.o(i.main) refers to projet.o(moncode) for timer_callback
    principal.o(i.sys_callback) refers to adc_fake.o(i.Start_DMA1) for Start_DMA1
    principal.o(i.sys_callback) refers to adc_fake.o(i.Wait_On_End_Of_DMA1) for Wait_On_End_Of_DMA1
    principal.o(i.sys_callback) refers to calcul_dft.o(moncode) for M2
    principal.o(i.sys_callback) refers to principal.o(.bss) for dma_buf
    principal.o(i.sys_callback) refers to principal.o(.data) for M2TIR
    calcul_dft.o(moncode) refers to trigo.o(Trigo) for TabCos
    projet.o(moncode) refers to principal.o(.bss) for StructSon
    startup-rvds.o(RESET) refers to startup-rvds.o(STACK) for __initial_sp
    startup-rvds.o(RESET) refers to startup-rvds.o(.text) for Reset_Handler
    startup-rvds.o(RESET) refers to timer_systick.o(i.SysTick_Handler) for SysTick_Handler
    startup-rvds.o(RESET) refers to timer_1234.o(i.TIM1_UP_IRQHandler) for TIM1_UP_IRQHandler
    startup-rvds.o(RESET) refers to timer_1234.o(i.TIM1_CC_IRQHandler) for TIM1_CC_IRQHandler
    startup-rvds.o(RESET) refers to timer_1234.o(i.TIM2_IRQHandler) for TIM2_IRQHandler
    startup-rvds.o(RESET) refers to timer_1234.o(i.TIM3_IRQHandler) for TIM3_IRQHandler
    startup-rvds.o(RESET) refers to timer_1234.o(i.TIM4_IRQHandler) for TIM4_IRQHandler
    startup-rvds.o(.text) refers to entry.o(.ARM.Collect$$$$00000000) for __main
    clock.o(i.CLOCK_Configure) refers to clock.o(i.CLOCK_HPRECompute) for CLOCK_HPRECompute
    timer_1234.o(i.Active_IT_Compare_Timer) refers to timer_1234.o(.data) for .data
    timer_1234.o(i.Active_IT_Debordement_Timer) refers to timer_1234.o(.data) for .data
    timer_1234.o(i.Capture_Init) refers to clock.o(i.CLOCK_GetTIMCLK) for CLOCK_GetTIMCLK
    timer_1234.o(i.Capture_Init) refers to dfltui.o(.text) for __aeabi_ui2d
    timer_1234.o(i.Capture_Init) refers to f2d.o(.text) for __aeabi_f2d
    timer_1234.o(i.Capture_Init) refers to dmul.o(.text) for __aeabi_dmul
    timer_1234.o(i.Capture_Init) refers to ddiv.o(.text) for __aeabi_ddiv
    timer_1234.o(i.Capture_Init) refers to d2f.o(.text) for __aeabi_d2f
    timer_1234.o(i.Capture_Init) refers to ffltui.o(.text) for __aeabi_ui2f
    timer_1234.o(i.Capture_Init) refers to fmul.o(.text) for __aeabi_fmul
    timer_1234.o(i.Capture_Init) refers to ffixui.o(.text) for __aeabi_f2uiz
    timer_1234.o(i.Capture_Init) refers to ffixi.o(.text) for __aeabi_f2iz
    timer_1234.o(i.Lire_Duree_Pulse) refers to timer_1234.o(.data) for .data
    timer_1234.o(i.PWM_Init) refers to f2d.o(.text) for __aeabi_f2d
    timer_1234.o(i.PWM_Init) refers to ddiv.o(.text) for __aeabi_ddiv
    timer_1234.o(i.PWM_Init) refers to d2f.o(.text) for __aeabi_d2f
    timer_1234.o(i.PWM_Init) refers to timer_1234.o(i.Timer_1234_Init) for Timer_1234_Init
    timer_1234.o(i.PWM_Init_ff) refers to timer_1234.o(i.Timer_1234_Init_ff) for Timer_1234_Init_ff
    timer_1234.o(i.TIM1_CC_IRQHandler) refers to timer_1234.o(.data) for .data
    timer_1234.o(i.TIM1_UP_IRQHandler) refers to timer_1234.o(.data) for .data
    timer_1234.o(i.TIM2_IRQHandler) refers to timer_1234.o(.data) for .data
    timer_1234.o(i.TIM3_IRQHandler) refers to timer_1234.o(.data) for .data
    timer_1234.o(i.TIM4_IRQHandler) refers to timer_1234.o(.data) for .data
    timer_1234.o(i.Timer_1234_Init) refers to clock.o(i.CLOCK_GetTIMCLK) for CLOCK_GetTIMCLK
    timer_1234.o(i.Timer_1234_Init) refers to ffltui.o(.text) for __aeabi_ui2f
    timer_1234.o(i.Timer_1234_Init) refers to fmul.o(.text) for __aeabi_fmul
    timer_1234.o(i.Timer_1234_Init) refers to f2d.o(.text) for __aeabi_f2d
    timer_1234.o(i.Timer_1234_Init) refers to ddiv.o(.text) for __aeabi_ddiv
    timer_1234.o(i.Timer_1234_Init) refers to d2f.o(.text) for __aeabi_d2f
    timer_1234.o(i.Timer_1234_Init) refers to fscalb.o(.text) for __ARM_scalbnf
    timer_1234.o(i.Timer_1234_Init) refers to ffixui.o(.text) for __aeabi_f2uiz
    timer_1234.o(i.Timer_1234_Init) refers to fdiv.o(.text) for __aeabi_fdiv
    timer_1234.o(i.Timer_1234_Init) refers to dfltui.o(.text) for __aeabi_ui2d
    timer_1234.o(i.Timer_1234_Init) refers to dadd.o(.text) for __aeabi_dadd
    timer_1234.o(i.Timer_1234_Init) refers to dmul.o(.text) for __aeabi_dmul
    timer_1234.o(i.Timer_1234_Init_ff) refers to clock.o(i.CLOCK_GetHCLK) for CLOCK_GetHCLK
    timer_1234.o(i.Timer_1234_Init_ff) refers to clock.o(i.CLOCK_GetTIMCLK) for CLOCK_GetTIMCLK
    timer_systick.o(i.SysTick_Handler) refers to timer_systick.o(.data) for .data
    timer_systick.o(i.Systick_Period) refers to clock.o(i.CLOCK_GetHCLK) for CLOCK_GetHCLK
    timer_systick.o(i.Systick_Period) refers to ffltui.o(.text) for __aeabi_ui2f
    timer_systick.o(i.Systick_Period) refers to fmul.o(.text) for __aeabi_fmul
    timer_systick.o(i.Systick_Period) refers to f2d.o(.text) for __aeabi_f2d
    timer_systick.o(i.Systick_Period) refers to ddiv.o(.text) for __aeabi_ddiv
    timer_systick.o(i.Systick_Period) refers to d2f.o(.text) for __aeabi_d2f
    timer_systick.o(i.Systick_Period) refers to ffixui.o(.text) for __aeabi_f2uiz
    timer_systick.o(i.Systick_Period) refers to fdiv.o(.text) for __aeabi_fdiv
    timer_systick.o(i.Systick_Period) refers to dmul.o(.text) for __aeabi_dmul
    timer_systick.o(i.Systick_Prio_IT) refers to timer_systick.o(.data) for .data
    adc_fake.o(i.Init_ADC1_DMA1) refers to adc_fake.o(.bss) for .bss
    adc_fake.o(i.Init_Conversion_On_Trig_Timer_ff) refers to clock.o(i.CLOCK_GetHCLK) for CLOCK_GetHCLK
    adc_fake.o(i.Init_Conversion_On_Trig_Timer_ff) refers to timer_1234.o(i.Timer_1234_Init_ff) for Timer_1234_Init_ff
    adc_fake.o(i.Init_Conversion_On_Trig_Timer_ff) refers to timer_1234.o(i.Active_IT_Debordement_Timer) for Active_IT_Debordement_Timer
    adc_fake.o(i.Init_Conversion_On_Trig_Timer_ff) refers to adc_fake.o(.bss) for .bss
    adc_fake.o(i.Init_Conversion_On_Trig_Timer_ff) refers to adc_fake.o(i.fake_timer_callback) for fake_timer_callback
    adc_fake.o(i.Init_TimingADC_ActiveADC_ff) refers to clock.o(i.CLOCK_GetADCCLK) for CLOCK_GetADCCLK
    adc_fake.o(i.Init_TimingADC_ActiveADC_ff) refers to clock.o(i.CLOCK_GetHCLK) for CLOCK_GetHCLK
    adc_fake.o(i.Init_TimingADC_ActiveADC_ff) refers to adc_fake.o(.bss) for .bss
    adc_fake.o(i.Start_DMA1) refers to adc_fake.o(.bss) for .bss
    adc_fake.o(i.Wait_On_End_Of_DMA1) refers to adc_fake.o(.bss) for .bss
    adc_fake.o(i.Wait_On_End_Of_DMA1) refers to libcos.o(FakeTab) for LibCos
    adc_fake.o(i.fake_timer_callback) refers to adc_fake.o(.bss) for .bss
    entry.o(.ARM.Collect$$$$00000000) refers (Special) to entry10a.o(.ARM.Collect$$$$0000000D) for __rt_final_cpp
    entry.o(.ARM.Collect$$$$00000000) refers (Special) to entry11a.o(.ARM.Collect$$$$0000000F) for __rt_final_exit
    entry.o(.ARM.Collect$$$$00000000) refers (Special) to entry7b.o(.ARM.Collect$$$$00000008) for _main_clock
    entry.o(.ARM.Collect$$$$00000000) refers (Special) to entry8b.o(.ARM.Collect$$$$0000000A) for _main_cpp_init
    entry.o(.ARM.Collect$$$$00000000) refers (Special) to entry9a.o(.ARM.Collect$$$$0000000B) for _main_init
    entry.o(.ARM.Collect$$$$00000000) refers (Special) to entry5.o(.ARM.Collect$$$$00000004) for _main_scatterload
    entry.o(.ARM.Collect$$$$00000000) refers (Special) to entry2.o(.ARM.Collect$$$$00000001) for _main_stk
    fmul.o(.text) refers (Special) to iusefp.o(.text) for __I$use$fp
    fdiv.o(.text) refers (Special) to iusefp.o(.text) for __I$use$fp
    fdiv.o(.text) refers to fepilogue.o(.text) for _float_round
    fscalb.o(.text) refers (Special) to iusefp.o(.text) for __I$use$fp
    dadd.o(.text) refers (Special) to iusefp.o(.text) for __I$use$fp
    dadd.o(.text) refers to llshl.o(.text) for __aeabi_llsl
    dadd.o(.text) refers to llsshr.o(.text) for __aeabi_lasr
    dadd.o(.text) refers to depilogue.o(.text) for _double_epilogue
    dmul.o(.text) refers (Special) to iusefp.o(.text) for __I$use$fp
    dmul.o(.text) refers to depilogue.o(.text) for _double_epilogue
    ddiv.o(.text) refers (Special) to iusefp.o(.text) for __I$use$fp
    ddiv.o(.text) refers to depilogue.o(.text) for _double_round
    ffltui.o(.text) refers (Special) to iusefp.o(.text) for __I$use$fp
    ffltui.o(.text) refers to fepilogue.o(.text) for _float_epilogue
    dfltui.o(.text) refers (Special) to iusefp.o(.text) for __I$use$fp
    dfltui.o(.text) refers to depilogue.o(.text) for _double_epilogue
    ffixi.o(.text) refers (Special) to iusefp.o(.text) for __I$use$fp
    ffixui.o(.text) refers (Special) to iusefp.o(.text) for __I$use$fp
    f2d.o(.text) refers (Special) to iusefp.o(.text) for __I$use$fp
    d2f.o(.text) refers (Special) to iusefp.o(.text) for __I$use$fp
    d2f.o(.text) refers to fepilogue.o(.text) for _float_round
    entry2.o(.ARM.Collect$$$$00000001) refers to entry2.o(.ARM.Collect$$$$00002712) for __lit__00000000
    entry2.o(.ARM.Collect$$$$00002712) refers to startup-rvds.o(STACK) for __initial_sp
    entry2.o(__vectab_stack_and_reset_area) refers to startup-rvds.o(STACK) for __initial_sp
    entry2.o(__vectab_stack_and_reset_area) refers to entry.o(.ARM.Collect$$$$00000000) for __main
    entry5.o(.ARM.Collect$$$$00000004) refers to init.o(.text) for __scatterload
    entry9a.o(.ARM.Collect$$$$0000000B) refers to principal.o(i.main) for main
    entry9b.o(.ARM.Collect$$$$0000000C) refers to principal.o(i.main) for main
    depilogue.o(.text) refers to llshl.o(.text) for __aeabi_llsl
    depilogue.o(.text) refers to llushr.o(.text) for __aeabi_llsr
    init.o(.text) refers to entry5.o(.ARM.Collect$$$$00000004) for __main_after_scatterload


==============================================================================

Removing Unused input sections from the image.

    Removing principal.o(.rev16_text), (4 bytes).
    Removing principal.o(.revsh_text), (4 bytes).
    Removing principal.o(.rrx_text), (6 bytes).
    Removing signal_synthetique.o(Signal), (128 bytes).
    Removing startup-rvds.o(HEAP), (512 bytes).
    Removing clock.o(.rev16_text), (4 bytes).
    Removing clock.o(.revsh_text), (4 bytes).
    Removing clock.o(.rrx_text), (6 bytes).
    Removing clock.o(i.CLOCK_GetPCLK1), (8 bytes).
    Removing clock.o(i.CLOCK_GetPCLK2), (8 bytes).
    Removing gpio.o(.rev16_text), (4 bytes).
    Removing gpio.o(.revsh_text), (4 bytes).
    Removing gpio.o(.rrx_text), (6 bytes).
    Removing timer_1234.o(.rev16_text), (4 bytes).
    Removing timer_1234.o(.revsh_text), (4 bytes).
    Removing timer_1234.o(.rrx_text), (6 bytes).
    Removing timer_1234.o(i.Active_IT_Compare_Timer), (492 bytes).
    Removing timer_1234.o(i.Capture_Init), (484 bytes).
    Removing timer_1234.o(i.Lire_Duree_Pulse), (96 bytes).
    Removing timer_1234.o(i.PWM_Complementaire_Timer1), (60 bytes).
    Removing timer_1234.o(i.PWM_Init), (200 bytes).
    Removing timer_1234.o(i.Timer_1234_Init), (268 bytes).
    Removing timer_1234.o(i.Timer_Inc_Init), (180 bytes).
    Removing timer_systick.o(.rev16_text), (4 bytes).
    Removing timer_systick.o(.revsh_text), (4 bytes).
    Removing timer_systick.o(.rrx_text), (6 bytes).
    Removing timer_systick.o(i.Systick_Period), (196 bytes).
    Removing adc_fake.o(.rev16_text), (4 bytes).
    Removing adc_fake.o(.revsh_text), (4 bytes).
    Removing adc_fake.o(.rrx_text), (6 bytes).
    Removing fmul.o(.text), (100 bytes).
    Removing fdiv.o(.text), (124 bytes).
    Removing fscalb.o(.text), (24 bytes).
    Removing dadd.o(.text), (334 bytes).
    Removing dmul.o(.text), (228 bytes).
    Removing ddiv.o(.text), (222 bytes).
    Removing ffltui.o(.text), (10 bytes).
    Removing dfltui.o(.text), (26 bytes).
    Removing ffixi.o(.text), (50 bytes).
    Removing f2d.o(.text), (38 bytes).
    Removing d2f.o(.text), (56 bytes).
    Removing fepilogue.o(.text), (110 bytes).
    Removing depilogue.o(.text), (186 bytes).

43 unused section(s) (total 4224 bytes) removed from the image.

==============================================================================

Image Symbol Table

    Local Symbols

    Symbol Name                              Value     Ov Type        Size  Object(Section)

    ../clib/microlib/init/entry.s            0x00000000   Number         0  entry5.o ABSOLUTE
    ../clib/microlib/init/entry.s            0x00000000   Number         0  entry.o ABSOLUTE
    ../clib/microlib/init/entry.s            0x00000000   Number         0  entry10b.o ABSOLUTE
    ../clib/microlib/init/entry.s            0x00000000   Number         0  entry11b.o ABSOLUTE
    ../clib/microlib/init/entry.s            0x00000000   Number         0  entry2.o ABSOLUTE
    ../clib/microlib/init/entry.s            0x00000000   Number         0  entry8a.o ABSOLUTE
    ../clib/microlib/init/entry.s            0x00000000   Number         0  entry7a.o ABSOLUTE
    ../clib/microlib/init/entry.s            0x00000000   Number         0  entry7b.o ABSOLUTE
    ../clib/microlib/init/entry.s            0x00000000   Number         0  entry8b.o ABSOLUTE
    ../clib/microlib/init/entry.s            0x00000000   Number         0  entry9a.o ABSOLUTE
    ../clib/microlib/init/entry.s            0x00000000   Number         0  entry9b.o ABSOLUTE
    ../clib/microlib/init/entry.s            0x00000000   Number         0  entry10a.o ABSOLUTE
    ../clib/microlib/init/entry.s            0x00000000   Number         0  entry11a.o ABSOLUTE
    ../clib/microlib/longlong.c              0x00000000   Number         0  llshl.o ABSOLUTE
    ../clib/microlib/longlong.c              0x00000000   Number         0  llsshr.o ABSOLUTE
    ../clib/microlib/longlong.c              0x00000000   Number         0  llushr.o ABSOLUTE
    ../clib/microlib/stubs.s                 0x00000000   Number         0  iusefp.o ABSOLUTE
    ../fplib/microlib/d2f.c                  0x00000000   Number         0  d2f.o ABSOLUTE
    ../fplib/microlib/f2d.c                  0x00000000   Number         0  f2d.o ABSOLUTE
    ../fplib/microlib/fpadd.c                0x00000000   Number         0  dadd.o ABSOLUTE
    ../fplib/microlib/fpdiv.c                0x00000000   Number         0  ddiv.o ABSOLUTE
    ../fplib/microlib/fpdiv.c                0x00000000   Number         0  fdiv.o ABSOLUTE
    ../fplib/microlib/fpepilogue.c           0x00000000   Number         0  depilogue.o ABSOLUTE
    ../fplib/microlib/fpepilogue.c           0x00000000   Number         0  fepilogue.o ABSOLUTE
    ../fplib/microlib/fpfix.c                0x00000000   Number         0  ffixui.o ABSOLUTE
    ../fplib/microlib/fpfix.c                0x00000000   Number         0  ffixi.o ABSOLUTE
    ../fplib/microlib/fpflt.c                0x00000000   Number         0  dfltui.o ABSOLUTE
    ../fplib/microlib/fpflt.c                0x00000000   Number         0  ffltui.o ABSOLUTE
    ../fplib/microlib/fpmul.c                0x00000000   Number         0  fmul.o ABSOLUTE
    ../fplib/microlib/fpmul.c                0x00000000   Number         0  dmul.o ABSOLUTE
    ../fplib/microlib/fpscalb.c              0x00000000   Number         0  fscalb.o ABSOLUTE
    Lib\ADC_FAKE.c                           0x00000000   Number         0  adc_fake.o ABSOLUTE
    Lib\GPIO.c                               0x00000000   Number         0  gpio.o ABSOLUTE
    Lib\Timer_1234.c                         0x00000000   Number         0  timer_1234.o ABSOLUTE
    Lib\Timer_Systick.c                      0x00000000   Number         0  timer_systick.o ABSOLUTE
    Lib\\ADC_FAKE.c                          0x00000000   Number         0  adc_fake.o ABSOLUTE
    Lib\\GPIO.c                              0x00000000   Number         0  gpio.o ABSOLUTE
    Lib\\Timer_1234.c                        0x00000000   Number         0  timer_1234.o ABSOLUTE
    Lib\\Timer_Systick.c                     0x00000000   Number         0  timer_systick.o ABSOLUTE
    Lib\\clock.c                             0x00000000   Number         0  clock.o ABSOLUTE
    Lib\clock.c                              0x00000000   Number         0  clock.o ABSOLUTE
    Lib\libcos.asm                           0x00000000   Number         0  libcos.o ABSOLUTE
    Src\\principal.c                         0x00000000   Number         0  principal.o ABSOLUTE
    Src\principal.c                          0x00000000   Number         0  principal.o ABSOLUTE
    Src\signal_synthetique.asm               0x00000000   Number         0  signal_synthetique.o ABSOLUTE
    Src\startup-rvds.s                       0x00000000   Number         0  startup-rvds.o ABSOLUTE
    Src\trigo.asm                            0x00000000   Number         0  trigo.o ABSOLUTE
    bruitverre.asm                           0x00000000   Number         0  bruitverre.o ABSOLUTE
    calcul_dft.s                             0x00000000   Number         0  calcul_dft.o ABSOLUTE
    dc.s                                     0x00000000   Number         0  dc.o ABSOLUTE
    handlers.s                               0x00000000   Number         0  handlers.o ABSOLUTE
    init.s                                   0x00000000   Number         0  init.o ABSOLUTE
    projet.s                                 0x00000000   Number         0  projet.o ABSOLUTE
    RESET                                    0x08000000   Section      236  startup-rvds.o(RESET)
    .ARM.Collect$$$$00000000                 0x080000ec   Section        0  entry.o(.ARM.Collect$$$$00000000)
    .ARM.Collect$$$$00000001                 0x080000ec   Section        4  entry2.o(.ARM.Collect$$$$00000001)
    .ARM.Collect$$$$00000004                 0x080000f0   Section        4  entry5.o(.ARM.Collect$$$$00000004)
    .ARM.Collect$$$$00000008                 0x080000f4   Section        0  entry7b.o(.ARM.Collect$$$$00000008)
    .ARM.Collect$$$$0000000A                 0x080000f4   Section        0  entry8b.o(.ARM.Collect$$$$0000000A)
    .ARM.Collect$$$$0000000B                 0x080000f4   Section        8  entry9a.o(.ARM.Collect$$$$0000000B)
    .ARM.Collect$$$$0000000D                 0x080000fc   Section        0  entry10a.o(.ARM.Collect$$$$0000000D)
    .ARM.Collect$$$$0000000F                 0x080000fc   Section        0  entry11a.o(.ARM.Collect$$$$0000000F)
    .ARM.Collect$$$$00002712                 0x080000fc   Section        4  entry2.o(.ARM.Collect$$$$00002712)
    __lit__00000000                          0x080000fc   Data           4  entry2.o(.ARM.Collect$$$$00002712)
    .text                                    0x08000100   Section       76  startup-rvds.o(.text)
    .text                                    0x0800014c   Section        0  ffixui.o(.text)
    .text                                    0x08000174   Section        0  iusefp.o(.text)
    .text                                    0x08000174   Section       36  init.o(.text)
    i.Active_IT_Debordement_Timer            0x08000198   Section        0  timer_1234.o(i.Active_IT_Debordement_Timer)
    i.CLOCK_Configure                        0x0800027c   Section        0  clock.o(i.CLOCK_Configure)
    i.CLOCK_GetADCCLK                        0x080002f0   Section        0  clock.o(i.CLOCK_GetADCCLK)
    i.CLOCK_GetHCLK                          0x080002f8   Section        0  clock.o(i.CLOCK_GetHCLK)
    i.CLOCK_GetTIMCLK                        0x08000300   Section        0  clock.o(i.CLOCK_GetTIMCLK)
    i.CLOCK_HPRECompute                      0x08000324   Section        0  clock.o(i.CLOCK_HPRECompute)
    CLOCK_HPRECompute                        0x08000325   Thumb Code   116  clock.o(i.CLOCK_HPRECompute)
    i.GPIO_Configure                         0x08000398   Section        0  gpio.o(i.GPIO_Configure)
    i.Init_ADC1_DMA1                         0x080004a0   Section        0  adc_fake.o(i.Init_ADC1_DMA1)
    i.Init_Conversion_On_Trig_Timer_ff       0x080004cc   Section        0  adc_fake.o(i.Init_Conversion_On_Trig_Timer_ff)
    i.Init_TimingADC_ActiveADC_ff            0x08000544   Section        0  adc_fake.o(i.Init_TimingADC_ActiveADC_ff)
    i.PWM_Init_ff                            0x08000630   Section        0  timer_1234.o(i.PWM_Init_ff)
    i.Single_Channel_ADC                     0x080006dc   Section        0  adc_fake.o(i.Single_Channel_ADC)
    i.Start_DMA1                             0x080006e0   Section        0  adc_fake.o(i.Start_DMA1)
    i.SysTick_Handler                        0x08000728   Section        0  timer_systick.o(i.SysTick_Handler)
    i.Systick_Period_ff                      0x08000734   Section        0  timer_systick.o(i.Systick_Period_ff)
    i.Systick_Prio_IT                        0x08000758   Section        0  timer_systick.o(i.Systick_Prio_IT)
    i.TIM1_CC_IRQHandler                     0x0800076c   Section        0  timer_1234.o(i.TIM1_CC_IRQHandler)
    i.TIM1_UP_IRQHandler                     0x08000878   Section        0  timer_1234.o(i.TIM1_UP_IRQHandler)
    i.TIM2_IRQHandler                        0x08000890   Section        0  timer_1234.o(i.TIM2_IRQHandler)
    i.TIM3_IRQHandler                        0x080009a0   Section        0  timer_1234.o(i.TIM3_IRQHandler)
    i.TIM4_IRQHandler                        0x08000acc   Section        0  timer_1234.o(i.TIM4_IRQHandler)
    i.Timer_1234_Init_ff                     0x08000bf8   Section        0  timer_1234.o(i.Timer_1234_Init_ff)
    i.Wait_On_End_Of_DMA1                    0x08000c74   Section        0  adc_fake.o(i.Wait_On_End_Of_DMA1)
    i.__scatterload_copy                     0x08000dc0   Section       14  handlers.o(i.__scatterload_copy)
    i.__scatterload_null                     0x08000dce   Section        2  handlers.o(i.__scatterload_null)
    i.__scatterload_zeroinit                 0x08000dd0   Section       14  handlers.o(i.__scatterload_zeroinit)
    i.fake_timer_callback                    0x08000de0   Section        0  adc_fake.o(i.fake_timer_callback)
    i.main                                   0x08000dfc   Section        0  principal.o(i.main)
    i.sys_callback                           0x08000f5c   Section        0  principal.o(i.sys_callback)
    moncode                                  0x08001080   Section      100  calcul_dft.o(moncode)
    dft_reel_imaginaire                      0x080010ad   Thumb Code    48  calcul_dft.o(moncode)
    moncode                                  0x080010e4   Section       72  projet.o(moncode)
    FakeTab                                  0x0800112c   Section      256  libcos.o(FakeTab)
    SecSon                                   0x0800124c   Section    11032  bruitverre.o(SecSon)
    Trigo                                    0x08003d64   Section      256  trigo.o(Trigo)
    .data                                    0x20000000   Section       20  principal.o(.data)
    .data                                    0x20000014   Section      160  timer_1234.o(.data)
    Ptr_TIM1                                 0x20000024   Data           4  timer_1234.o(.data)
    Ptr_TIM2                                 0x20000028   Data           4  timer_1234.o(.data)
    Ptr_TIM3                                 0x2000002c   Data           4  timer_1234.o(.data)
    Ptr_TIM4                                 0x20000030   Data           4  timer_1234.o(.data)
    Ptr_TIM1_Voie1                           0x20000034   Data           4  timer_1234.o(.data)
    Ptr_TIM1_Voie2                           0x20000038   Data           4  timer_1234.o(.data)
    Ptr_TIM1_Voie3                           0x2000003c   Data           4  timer_1234.o(.data)
    Ptr_TIM1_Voie4                           0x20000040   Data           4  timer_1234.o(.data)
    Ptr_TIM2_Voie1                           0x20000044   Data           4  timer_1234.o(.data)
    Ptr_TIM2_Voie2                           0x20000048   Data           4  timer_1234.o(.data)
    Ptr_TIM2_Voie3                           0x2000004c   Data           4  timer_1234.o(.data)
    Ptr_TIM2_Voie4                           0x20000050   Data           4  timer_1234.o(.data)
    Ptr_TIM3_Voie1                           0x20000054   Data           4  timer_1234.o(.data)
    Ptr_TIM3_Voie2                           0x20000058   Data           4  timer_1234.o(.data)
    Ptr_TIM3_Voie3                           0x2000005c   Data           4  timer_1234.o(.data)
    Ptr_TIM3_Voie4                           0x20000060   Data           4  timer_1234.o(.data)
    Ptr_TIM4_Voie1                           0x20000064   Data           4  timer_1234.o(.data)
    Ptr_TIM4_Voie2                           0x20000068   Data           4  timer_1234.o(.data)
    Ptr_TIM4_Voie3                           0x2000006c   Data           4  timer_1234.o(.data)
    Ptr_TIM4_Voie4                           0x20000070   Data           4  timer_1234.o(.data)
    Duree_Pulse_T1                           0x20000074   Data           8  timer_1234.o(.data)
    Duree_Pulse_T2                           0x2000007c   Data           8  timer_1234.o(.data)
    Duree_Pulse_T3                           0x20000084   Data           8  timer_1234.o(.data)
    Duree_Pulse_T4                           0x2000008c   Data           8  timer_1234.o(.data)
    Date_T1                                  0x20000094   Data           8  timer_1234.o(.data)
    Date_T2                                  0x2000009c   Data           8  timer_1234.o(.data)
    Date_T3                                  0x200000a4   Data           8  timer_1234.o(.data)
    Date_T4                                  0x200000ac   Data           8  timer_1234.o(.data)
    .data                                    0x200000b4   Section        4  timer_systick.o(.data)
    Ptr_Systick                              0x200000b4   Data           4  timer_systick.o(.data)
    .bss                                     0x200000b8   Section      196  principal.o(.bss)
    .bss                                     0x2000017c   Section       84  adc_fake.o(.bss)
    F                                        0x2000017c   Data          84  adc_fake.o(.bss)
    STACK                                    0x200001d0   Section     1024  startup-rvds.o(STACK)

    Global Symbols

    Symbol Name                              Value     Ov Type        Size  Object(Section)

    BuildAttributes$$THM_ISAv4$P$D$K$B$S$PE$A:L22UL41UL21$X:L11$S22US41US21$IEEE1$IW$USESV6$~STKCKD$USESV7$~SHL$OTIME$ROPI$EBA8$MICROLIB$REQ8$EABIv2 0x00000000   Number         0  anon$$obj.o ABSOLUTE
    __ARM_use_no_argv                        0x00000000   Number         0  principal.o ABSOLUTE
    __cpp_initialize__aeabi_                  - Undefined Weak Reference
    __cxa_finalize                            - Undefined Weak Reference
    __decompress                              - Undefined Weak Reference
    _clock_init                               - Undefined Weak Reference
    _microlib_exit                            - Undefined Weak Reference
    __Vectors_Size                           0x000000ec   Number         0  startup-rvds.o ABSOLUTE
    __Vectors                                0x08000000   Data           4  startup-rvds.o(RESET)
    __Vectors_End                            0x080000ec   Data           0  startup-rvds.o(RESET)
    __main                                   0x080000ed   Thumb Code     0  entry.o(.ARM.Collect$$$$00000000)
    _main_stk                                0x080000ed   Thumb Code     0  entry2.o(.ARM.Collect$$$$00000001)
    _main_scatterload                        0x080000f1   Thumb Code     0  entry5.o(.ARM.Collect$$$$00000004)
    __main_after_scatterload                 0x080000f5   Thumb Code     0  entry5.o(.ARM.Collect$$$$00000004)
    _main_clock                              0x080000f5   Thumb Code     0  entry7b.o(.ARM.Collect$$$$00000008)
    _main_cpp_init                           0x080000f5   Thumb Code     0  entry8b.o(.ARM.Collect$$$$0000000A)
    _main_init                               0x080000f5   Thumb Code     0  entry9a.o(.ARM.Collect$$$$0000000B)
    __rt_final_cpp                           0x080000fd   Thumb Code     0  entry10a.o(.ARM.Collect$$$$0000000D)
    __rt_final_exit                          0x080000fd   Thumb Code     0  entry11a.o(.ARM.Collect$$$$0000000F)
    Reset_Handler                            0x08000101   Thumb Code    34  startup-rvds.o(.text)
    SystemInit                               0x08000123   Thumb Code     2  startup-rvds.o(.text)
    NMI_Handler                              0x08000125   Thumb Code     2  startup-rvds.o(.text)
    HardFault_Handler                        0x08000127   Thumb Code     2  startup-rvds.o(.text)
    MemManage_Handler                        0x08000129   Thumb Code     2  startup-rvds.o(.text)
    BusFault_Handler                         0x0800012b   Thumb Code     2  startup-rvds.o(.text)
    UsageFault_Handler                       0x0800012d   Thumb Code     2  startup-rvds.o(.text)
    SVC_Handler                              0x0800012f   Thumb Code     2  startup-rvds.o(.text)
    DebugMon_Handler                         0x08000131   Thumb Code     2  startup-rvds.o(.text)
    PendSV_Handler                           0x08000133   Thumb Code     2  startup-rvds.o(.text)
    ADC1_2_IRQHandler                        0x08000137   Thumb Code     0  startup-rvds.o(.text)
    CAN1_RX1_IRQHandler                      0x08000137   Thumb Code     0  startup-rvds.o(.text)
    CAN1_SCE_IRQHandler                      0x08000137   Thumb Code     0  startup-rvds.o(.text)
    DMA1_Channel1_IRQHandler                 0x08000137   Thumb Code     0  startup-rvds.o(.text)
    DMA1_Channel2_IRQHandler                 0x08000137   Thumb Code     0  startup-rvds.o(.text)
    DMA1_Channel3_IRQHandler                 0x08000137   Thumb Code     0  startup-rvds.o(.text)
    DMA1_Channel4_IRQHandler                 0x08000137   Thumb Code     0  startup-rvds.o(.text)
    DMA1_Channel5_IRQHandler                 0x08000137   Thumb Code     0  startup-rvds.o(.text)
    DMA1_Channel6_IRQHandler                 0x08000137   Thumb Code     0  startup-rvds.o(.text)
    DMA1_Channel7_IRQHandler                 0x08000137   Thumb Code     0  startup-rvds.o(.text)
    EXTI0_IRQHandler                         0x08000137   Thumb Code     0  startup-rvds.o(.text)
    EXTI15_10_IRQHandler                     0x08000137   Thumb Code     0  startup-rvds.o(.text)
    EXTI1_IRQHandler                         0x08000137   Thumb Code     0  startup-rvds.o(.text)
    EXTI2_IRQHandler                         0x08000137   Thumb Code     0  startup-rvds.o(.text)
    EXTI3_IRQHandler                         0x08000137   Thumb Code     0  startup-rvds.o(.text)
    EXTI4_IRQHandler                         0x08000137   Thumb Code     0  startup-rvds.o(.text)
    EXTI9_5_IRQHandler                       0x08000137   Thumb Code     0  startup-rvds.o(.text)
    FLASH_IRQHandler                         0x08000137   Thumb Code     0  startup-rvds.o(.text)
    I2C1_ER_IRQHandler                       0x08000137   Thumb Code     0  startup-rvds.o(.text)
    I2C1_EV_IRQHandler                       0x08000137   Thumb Code     0  startup-rvds.o(.text)
    I2C2_ER_IRQHandler                       0x08000137   Thumb Code     0  startup-rvds.o(.text)
    I2C2_EV_IRQHandler                       0x08000137   Thumb Code     0  startup-rvds.o(.text)
    PVD_IRQHandler                           0x08000137   Thumb Code     0  startup-rvds.o(.text)
    RCC_IRQHandler                           0x08000137   Thumb Code     0  startup-rvds.o(.text)
    RTCAlarm_IRQHandler                      0x08000137   Thumb Code     0  startup-rvds.o(.text)
    RTC_IRQHandler                           0x08000137   Thumb Code     0  startup-rvds.o(.text)
    SPI1_IRQHandler                          0x08000137   Thumb Code     0  startup-rvds.o(.text)
    SPI2_IRQHandler                          0x08000137   Thumb Code     0  startup-rvds.o(.text)
    TAMPER_IRQHandler                        0x08000137   Thumb Code     0  startup-rvds.o(.text)
    TIM1_BRK_IRQHandler                      0x08000137   Thumb Code     0  startup-rvds.o(.text)
    TIM1_TRG_COM_IRQHandler                  0x08000137   Thumb Code     0  startup-rvds.o(.text)
    USART1_IRQHandler                        0x08000137   Thumb Code     0  startup-rvds.o(.text)
    USART2_IRQHandler                        0x08000137   Thumb Code     0  startup-rvds.o(.text)
    USART3_IRQHandler                        0x08000137   Thumb Code     0  startup-rvds.o(.text)
    USBWakeUp_IRQHandler                     0x08000137   Thumb Code     0  startup-rvds.o(.text)
    USB_HP_CAN1_TX_IRQHandler                0x08000137   Thumb Code     0  startup-rvds.o(.text)
    USB_LP_CAN1_RX0_IRQHandler               0x08000137   Thumb Code     0  startup-rvds.o(.text)
    WWDG_IRQHandler                          0x08000137   Thumb Code     0  startup-rvds.o(.text)
    __aeabi_f2uiz                            0x0800014d   Thumb Code    40  ffixui.o(.text)
    __I$use$fp                               0x08000175   Thumb Code     0  iusefp.o(.text)
    __scatterload                            0x08000175   Thumb Code    28  init.o(.text)
    __scatterload_rt2                        0x08000175   Thumb Code     0  init.o(.text)
    Active_IT_Debordement_Timer              0x08000199   Thumb Code   204  timer_1234.o(i.Active_IT_Debordement_Timer)
    CLOCK_Configure                          0x0800027d   Thumb Code   104  clock.o(i.CLOCK_Configure)
    CLOCK_GetADCCLK                          0x080002f1   Thumb Code     4  clock.o(i.CLOCK_GetADCCLK)
    CLOCK_GetHCLK                            0x080002f9   Thumb Code     4  clock.o(i.CLOCK_GetHCLK)
    CLOCK_GetTIMCLK                          0x08000301   Thumb Code    22  clock.o(i.CLOCK_GetTIMCLK)
    GPIO_Configure                           0x08000399   Thumb Code   240  gpio.o(i.GPIO_Configure)
    Init_ADC1_DMA1                           0x080004a1   Thumb Code    38  adc_fake.o(i.Init_ADC1_DMA1)
    Init_Conversion_On_Trig_Timer_ff         0x080004cd   Thumb Code   104  adc_fake.o(i.Init_Conversion_On_Trig_Timer_ff)
    Init_TimingADC_ActiveADC_ff              0x08000545   Thumb Code   230  adc_fake.o(i.Init_TimingADC_ActiveADC_ff)
    PWM_Init_ff                              0x08000631   Thumb Code   168  timer_1234.o(i.PWM_Init_ff)
    Single_Channel_ADC                       0x080006dd   Thumb Code     2  adc_fake.o(i.Single_Channel_ADC)
    Start_DMA1                               0x080006e1   Thumb Code    66  adc_fake.o(i.Start_DMA1)
    SysTick_Handler                          0x08000729   Thumb Code     6  timer_systick.o(i.SysTick_Handler)
    Systick_Period_ff                        0x08000735   Thumb Code    34  timer_systick.o(i.Systick_Period_ff)
    Systick_Prio_IT                          0x08000759   Thumb Code    12  timer_systick.o(i.Systick_Prio_IT)
    TIM1_CC_IRQHandler                       0x0800076d   Thumb Code   240  timer_1234.o(i.TIM1_CC_IRQHandler)
    TIM1_UP_IRQHandler                       0x08000879   Thumb Code    16  timer_1234.o(i.TIM1_UP_IRQHandler)
    TIM2_IRQHandler                          0x08000891   Thumb Code   266  timer_1234.o(i.TIM2_IRQHandler)
    TIM3_IRQHandler                          0x080009a1   Thumb Code   272  timer_1234.o(i.TIM3_IRQHandler)
    TIM4_IRQHandler                          0x08000acd   Thumb Code   272  timer_1234.o(i.TIM4_IRQHandler)
    Timer_1234_Init_ff                       0x08000bf9   Thumb Code   106  timer_1234.o(i.Timer_1234_Init_ff)
    Wait_On_End_Of_DMA1                      0x08000c75   Thumb Code   320  adc_fake.o(i.Wait_On_End_Of_DMA1)
    __scatterload_copy                       0x08000dc1   Thumb Code    14  handlers.o(i.__scatterload_copy)
    __scatterload_null                       0x08000dcf   Thumb Code     2  handlers.o(i.__scatterload_null)
    __scatterload_zeroinit                   0x08000dd1   Thumb Code    14  handlers.o(i.__scatterload_zeroinit)
    fake_timer_callback                      0x08000de1   Thumb Code    22  adc_fake.o(i.fake_timer_callback)
    main                                     0x08000dfd   Thumb Code   284  principal.o(i.main)
    sys_callback                             0x08000f5d   Thumb Code   268  principal.o(i.sys_callback)
    M2                                       0x08001081   Thumb Code    44  calcul_dft.o(moncode)
    timer_callback                           0x080010e5   Thumb Code    64  projet.o(moncode)
    LibCos                                   0x0800112c   Data           0  libcos.o(FakeTab)
    LibNoise                                 0x080011ac   Data           0  libcos.o(FakeTab)
    Region$$Table$$Base                      0x0800122c   Number         0  anon$$obj.o(Region$$Table)
    LongueurSon                              0x0800124c   Data           4  bruitverre.o(SecSon)
    Region$$Table$$Limit                     0x0800124c   Number         0  anon$$obj.o(Region$$Table)
    PeriodeSonMicroSec                       0x08001250   Data           4  bruitverre.o(SecSon)
    Son                                      0x08001254   Data           0  bruitverre.o(SecSon)
    TabCos                                   0x08003d64   Data           0  trigo.o(Trigo)
    TabSin                                   0x08003de4   Data           0  trigo.o(Trigo)
    SYSTICK_PER                              0x20000000   Data           4  principal.o(.data)
    M2TIR                                    0x20000004   Data           4  principal.o(.data)
    k                                        0x20000008   Data           4  principal.o(.data)
    index_in                                 0x2000000c   Data           4  principal.o(.data)
    resolution                               0x20000010   Data           4  principal.o(.data)
    Enable_Fct_IT_Compare_Match_TIM1_Voie1   0x20000014   Data           1  timer_1234.o(.data)
    Enable_Fct_IT_Compare_Match_TIM1_Voie2   0x20000015   Data           1  timer_1234.o(.data)
    Enable_Fct_IT_Compare_Match_TIM1_Voie3   0x20000016   Data           1  timer_1234.o(.data)
    Enable_Fct_IT_Compare_Match_TIM1_Voie4   0x20000017   Data           1  timer_1234.o(.data)
    Enable_Fct_IT_Compare_Match_TIM2_Voie1   0x20000018   Data           1  timer_1234.o(.data)
    Enable_Fct_IT_Compare_Match_TIM2_Voie2   0x20000019   Data           1  timer_1234.o(.data)
    Enable_Fct_IT_Compare_Match_TIM2_Voie3   0x2000001a   Data           1  timer_1234.o(.data)
    Enable_Fct_IT_Compare_Match_TIM2_Voie4   0x2000001b   Data           1  timer_1234.o(.data)
    Enable_Fct_IT_Compare_Match_TIM3_Voie1   0x2000001c   Data           1  timer_1234.o(.data)
    Enable_Fct_IT_Compare_Match_TIM3_Voie2   0x2000001d   Data           1  timer_1234.o(.data)
    Enable_Fct_IT_Compare_Match_TIM3_Voie3   0x2000001e   Data           1  timer_1234.o(.data)
    Enable_Fct_IT_Compare_Match_TIM3_Voie4   0x2000001f   Data           1  timer_1234.o(.data)
    Enable_Fct_IT_Compare_Match_TIM4_Voie1   0x20000020   Data           1  timer_1234.o(.data)
    Enable_Fct_IT_Compare_Match_TIM4_Voie2   0x20000021   Data           1  timer_1234.o(.data)
    Enable_Fct_IT_Compare_Match_TIM4_Voie3   0x20000022   Data           1  timer_1234.o(.data)
    Enable_Fct_IT_Compare_Match_TIM4_Voie4   0x20000023   Data           1  timer_1234.o(.data)
    dma_buf                                  0x200000b8   Data         128  principal.o(.bss)
    compteurs                                0x20000138   Data          24  principal.o(.bss)
    score                                    0x20000150   Data          24  principal.o(.bss)
    StructSon                                0x20000168   Data          20  principal.o(.bss)
    __initial_sp                             0x200005d0   Data           0  startup-rvds.o(STACK)



==============================================================================

Memory Map of the image

  Image Entry point : 0x080000ed

  Load Region LR_IROM1 (Base: 0x08000000, Size: 0x00003f1c, Max: 0x00020000, ABSOLUTE)

    Execution Region ER_IROM1 (Exec base: 0x08000000, Load base: 0x08000000, Size: 0x00003e64, Max: 0x00020000, ABSOLUTE)

    Exec Addr    Load Addr    Size         Type   Attr      Idx    E Section Name        Object

    0x08000000   0x08000000   0x000000ec   Data   RO           82    RESET               startup-rvds.o
    0x080000ec   0x080000ec   0x00000000   Code   RO          190  * .ARM.Collect$$$$00000000  mc_w.l(entry.o)
    0x080000ec   0x080000ec   0x00000004   Code   RO          217    .ARM.Collect$$$$00000001  mc_w.l(entry2.o)
    0x080000f0   0x080000f0   0x00000004   Code   RO          220    .ARM.Collect$$$$00000004  mc_w.l(entry5.o)
    0x080000f4   0x080000f4   0x00000000   Code   RO          222    .ARM.Collect$$$$00000008  mc_w.l(entry7b.o)
    0x080000f4   0x080000f4   0x00000000   Code   RO          224    .ARM.Collect$$$$0000000A  mc_w.l(entry8b.o)
    0x080000f4   0x080000f4   0x00000008   Code   RO          225    .ARM.Collect$$$$0000000B  mc_w.l(entry9a.o)
    0x080000fc   0x080000fc   0x00000000   Code   RO          227    .ARM.Collect$$$$0000000D  mc_w.l(entry10a.o)
    0x080000fc   0x080000fc   0x00000000   Code   RO          229    .ARM.Collect$$$$0000000F  mc_w.l(entry11a.o)
    0x080000fc   0x080000fc   0x00000004   Code   RO          218    .ARM.Collect$$$$00002712  mc_w.l(entry2.o)
    0x08000100   0x08000100   0x0000004c   Code   RO           83    .text               startup-rvds.o
    0x0800014c   0x0800014c   0x00000028   Code   RO          211    .text               mf_w.l(ffixui.o)
    0x08000174   0x08000174   0x00000000   Code   RO          235    .text               mc_w.l(iusefp.o)
    0x08000174   0x08000174   0x00000024   Code   RO          240    .text               mc_w.l(init.o)
    0x08000198   0x08000198   0x000000e4   Code   RO          120    i.Active_IT_Debordement_Timer  gfssp72.lib(timer_1234.o)
    0x0800027c   0x0800027c   0x00000074   Code   RO           91    i.CLOCK_Configure   gfssp72.lib(clock.o)
    0x080002f0   0x080002f0   0x00000008   Code   RO           92    i.CLOCK_GetADCCLK   gfssp72.lib(clock.o)
    0x080002f8   0x080002f8   0x00000008   Code   RO           93    i.CLOCK_GetHCLK     gfssp72.lib(clock.o)
    0x08000300   0x08000300   0x00000024   Code   RO           96    i.CLOCK_GetTIMCLK   gfssp72.lib(clock.o)
    0x08000324   0x08000324   0x00000074   Code   RO           97    i.CLOCK_HPRECompute  gfssp72.lib(clock.o)
    0x08000398   0x08000398   0x00000108   Code   RO          111    i.GPIO_Configure    gfssp72.lib(gpio.o)
    0x080004a0   0x080004a0   0x0000002c   Code   RO          171    i.Init_ADC1_DMA1    gfssp72.lib(adc_fake.o)
    0x080004cc   0x080004cc   0x00000078   Code   RO          172    i.Init_Conversion_On_Trig_Timer_ff  gfssp72.lib(adc_fake.o)
    0x08000544   0x08000544   0x000000ec   Code   RO          173    i.Init_TimingADC_ActiveADC_ff  gfssp72.lib(adc_fake.o)
    0x08000630   0x08000630   0x000000ac   Code   RO          125    i.PWM_Init_ff       gfssp72.lib(timer_1234.o)
    0x080006dc   0x080006dc   0x00000002   Code   RO          174    i.Single_Channel_ADC  gfssp72.lib(adc_fake.o)
    0x080006de   0x080006de   0x00000002   PAD
    0x080006e0   0x080006e0   0x00000048   Code   RO          175    i.Start_DMA1        gfssp72.lib(adc_fake.o)
    0x08000728   0x08000728   0x0000000c   Code   RO          156    i.SysTick_Handler   gfssp72.lib(timer_systick.o)
    0x08000734   0x08000734   0x00000022   Code   RO          158    i.Systick_Period_ff  gfssp72.lib(timer_systick.o)
    0x08000756   0x08000756   0x00000002   PAD
    0x08000758   0x08000758   0x00000014   Code   RO          159    i.Systick_Prio_IT   gfssp72.lib(timer_systick.o)
    0x0800076c   0x0800076c   0x0000010c   Code   RO          126    i.TIM1_CC_IRQHandler  gfssp72.lib(timer_1234.o)
    0x08000878   0x08000878   0x00000018   Code   RO          127    i.TIM1_UP_IRQHandler  gfssp72.lib(timer_1234.o)
    0x08000890   0x08000890   0x00000110   Code   RO          128    i.TIM2_IRQHandler   gfssp72.lib(timer_1234.o)
    0x080009a0   0x080009a0   0x0000012c   Code   RO          129    i.TIM3_IRQHandler   gfssp72.lib(timer_1234.o)
    0x08000acc   0x08000acc   0x0000012c   Code   RO          130    i.TIM4_IRQHandler   gfssp72.lib(timer_1234.o)
    0x08000bf8   0x08000bf8   0x0000007c   Code   RO          132    i.Timer_1234_Init_ff  gfssp72.lib(timer_1234.o)
    0x08000c74   0x08000c74   0x0000014c   Code   RO          176    i.Wait_On_End_Of_DMA1  gfssp72.lib(adc_fake.o)
    0x08000dc0   0x08000dc0   0x0000000e   Code   RO          246    i.__scatterload_copy  mc_w.l(handlers.o)
    0x08000dce   0x08000dce   0x00000002   Code   RO          247    i.__scatterload_null  mc_w.l(handlers.o)
    0x08000dd0   0x08000dd0   0x0000000e   Code   RO          248    i.__scatterload_zeroinit  mc_w.l(handlers.o)
    0x08000dde   0x08000dde   0x00000002   PAD
    0x08000de0   0x08000de0   0x0000001c   Code   RO          177    i.fake_timer_callback  gfssp72.lib(adc_fake.o)
    0x08000dfc   0x08000dfc   0x00000160   Code   RO            4    i.main              principal.o
    0x08000f5c   0x08000f5c   0x00000124   Code   RO            5    i.sys_callback      principal.o
    0x08001080   0x08001080   0x00000064   Code   RO           70    moncode             calcul_dft.o
    0x080010e4   0x080010e4   0x00000048   Code   RO           76    moncode             projet.o
    0x0800112c   0x0800112c   0x00000100   Data   RO          189    FakeTab             gfssp72.lib(libcos.o)
    0x0800122c   0x0800122c   0x00000020   Data   RO          244    Region$$Table       anon$$obj.o
    0x0800124c   0x0800124c   0x00002b18   Data   RO           87    SecSon              bruitverre.o
    0x08003d64   0x08003d64   0x00000100   Data   RO           75    Trigo               trigo.o


    Execution Region RW_IRAM1 (Exec base: 0x20000000, Load base: 0x08003e64, Size: 0x000005d0, Max: 0x00005000, ABSOLUTE)

    Exec Addr    Load Addr    Size         Type   Attr      Idx    E Section Name        Object

    0x20000000   0x08003e64   0x00000014   Data   RW            7    .data               principal.o
    0x20000014   0x08003e78   0x000000a0   Data   RW          134    .data               gfssp72.lib(timer_1234.o)
    0x200000b4   0x08003f18   0x00000004   Data   RW          160    .data               gfssp72.lib(timer_systick.o)
    0x200000b8        -       0x000000c4   Zero   RW            6    .bss                principal.o
    0x2000017c        -       0x00000054   Zero   RW          178    .bss                gfssp72.lib(adc_fake.o)
    0x200001d0        -       0x00000400   Zero   RW           80    STACK               startup-rvds.o


==============================================================================

Image component sizes


      Code (inc. data)   RO Data    RW Data    ZI Data      Debug   Object Name

         0          0      11032          0          0          0   bruitverre.o
       100          8          0          0          0        368   calcul_dft.o
       644        108          0         20        196       3974   principal.o
        72          8          0          0          0        320   projet.o
        76         20        236          0       1024        796   startup-rvds.o
         0          0        256          0          0          0   trigo.o

    ----------------------------------------------------------------------
       892        144      11556         20       1220       5458   Object Totals
         0          0         32          0          0          0   (incl. Generated)
         0          0          0          0          0          0   (incl. Padding)

    ----------------------------------------------------------------------

      Code (inc. data)   RO Data    RW Data    ZI Data      Debug   Library Member Name

       834         58          0          0         84        528   adc_fake.o
       284         34          0          0          0        352   clock.o
       264         24          0          0          0         84   gpio.o
         0          0        256          0          0          0   libcos.o
      1688        144          0        160          0        672   timer_1234.o
        66         14          0          4          0        204   timer_systick.o
         0          0          0          0          0          0   entry.o
         0          0          0          0          0          0   entry10a.o
         0          0          0          0          0          0   entry11a.o
         8          4          0          0          0          0   entry2.o
         4          0          0          0          0          0   entry5.o
         0          0          0          0          0          0   entry7b.o
         0          0          0          0          0          0   entry8b.o
         8          4          0          0          0          0   entry9a.o
        30          0          0          0          0          0   handlers.o
        36          8          0          0          0         68   init.o
         0          0          0          0          0          0   iusefp.o
        40          0          0          0          0         68   ffixui.o

    ----------------------------------------------------------------------
      3268        290        256        164         84       1976   Library Totals
         6          0          0          0          0          0   (incl. Padding)

    ----------------------------------------------------------------------

      Code (inc. data)   RO Data    RW Data    ZI Data      Debug   Library Name

      3136        274        256        164         84       1840   gfssp72.lib
        86         16          0          0          0         68   mc_w.l
        40          0          0          0          0         68   mf_w.l

    ----------------------------------------------------------------------
      3268        290        256        164         84       1976   Library Totals

    ----------------------------------------------------------------------

==============================================================================


      Code (inc. data)   RO Data    RW Data    ZI Data      Debug   

      4160        434      11812        184       1304       6338   Grand Totals
      4160        434      11812        184       1304       6338   ELF Image Totals
      4160        434      11812        184          0          0   ROM Totals

==============================================================================

    Total RO  Size (Code + RO Data)                15972 (  15.60kB)
    Total RW  Size (RW Data + ZI Data)              1488 (   1.45kB)
    Total ROM Size (Code + RO Data + RW Data)      16156 (  15.78kB)

==============================================================================

