


ARM Macro Assembler    Page 1 


    1 00000000                 thumb
    2 00000000         
    3 00000000                 extern           TabSin
    4 00000000                 extern           TabCos
    5 00000000                 extern           TabSig
    6 00000000                 import           calcul_preliminaire
    7 00000000         
    8 00000000         
    9 00000000                 area             moncode, code, readonly
   10 00000000                 export           somme_carre
   11 00000000         
   12 00000000         somme_carre
                               proc
   13 00000000 B570            push             {r4,r5,r6,lr} ;les arguments de
                                                             la fonction : adre
                                                            sse de tabsig en r0
                                                            , k en r1
   14 00000002         
   15 00000002         ; ************ Calcul de la partie réelle **************
                       ******* 
   16 00000002 4A08            ldr              r2, =TabCos ; on récupère l'adr
                                                            esse de Tabcos 
   17 00000004 4604            mov              r4, r0
   18 00000006 F7FF FFFE       bl               calcul_preliminaire
   19 0000000A 4605            mov              r5, r0      ; on a la partie ré
                                                            elle 
   20 0000000C FB05 F505       mul              r5, r5, r5  ; on stocke la part
                                                            ie réelle au carré 
                                                            
   21 00000010         
   22 00000010         ; ************ Calcul de la partie imaginaire***********
                       **********  
   23 00000010 4A05            ldr              r2, =TabSin
   24 00000012 4604            mov              r4, r0
   25 00000014 F7FF FFFE       bl               calcul_preliminaire
   26 00000018 4606            mov              r6, r0      ; on a la partie im
                                                            aginaire 
   27 0000001A FB06 F606       mul              r6, r6,r6   ; on stocke la part
                                                            ie imaginaire au ca
                                                            rré 
   28 0000001E         
   29 0000001E         
   30 0000001E         ; ***************** Addition****************************
                       **********
   31 0000001E         
   32 0000001E 4435            add              r5,r6       ;  Re(k)² + Im(k)² 
                                                            
   33 00000020 4628            mov              r0,r5       ; on garde les 32 b
                                                            its de poids forts 
                                                            de la multiplicatio
                                                            n dans r0
   34 00000022         
   35 00000022 BD70    fin     pop              {r4,r5,r6,pc} ;dernière instruc
                                                            tion de la fonction
                                                            
   36 00000024                 endp
   37 00000024         ;
   38 00000024                 end
              00000000 



ARM Macro Assembler    Page 2 


              00000000 
Command Line: --debug --xref --diag_suppress=9931 --cpu=Cortex-M3 --apcs=interw
ork --depend=.\obj\m2.d -o.\obj\m2.o -I.\RTE\_Simu -ID:\ARM\CMSIS\5.6.0\CMSIS\C
ore\Include -ID:\Keil\STM32F1xx_DFP\2.3.0\Device\Include --predefine="__EVAL SE
TA 1" --predefine="__MICROLIB SETA 1" --predefine="__UVISION_VERSION SETA 529" 
--predefine="_RTE_ SETA 1" --predefine="STM32F10X_MD SETA 1" --list=m2.lst M2.s



ARM Macro Assembler    Page 1 Alphabetic symbol ordering
Relocatable symbols

fin 00000022

Symbol: fin
   Definitions
      At line 35 in file M2.s
   Uses
      None
Comment: fin unused
moncode 00000000

Symbol: moncode
   Definitions
      At line 9 in file M2.s
   Uses
      None
Comment: moncode unused
somme_carre 00000000

Symbol: somme_carre
   Definitions
      At line 12 in file M2.s
   Uses
      At line 10 in file M2.s
Comment: somme_carre used once
3 symbols



ARM Macro Assembler    Page 1 Alphabetic symbol ordering
External symbols

TabCos 00000000

Symbol: TabCos
   Definitions
      At line 4 in file M2.s
   Uses
      At line 16 in file M2.s
Comment: TabCos used once
TabSig 00000000

Symbol: TabSig
   Definitions
      At line 5 in file M2.s
   Uses
      None
Comment: TabSig unused
TabSin 00000000

Symbol: TabSin
   Definitions
      At line 3 in file M2.s
   Uses
      At line 23 in file M2.s
Comment: TabSin used once
calcul_preliminaire 00000000

Symbol: calcul_preliminaire
   Definitions
      At line 6 in file M2.s
   Uses
      At line 18 in file M2.s
      At line 25 in file M2.s

4 symbols
344 symbols in table
